[10-Jan-2026 12:49:55 Europe/Berlin] PHP Warning:  Undefined variable $emailSent in C:\xampp\htdocs\Horologe\paypal\save_order.php on line 196
[10-Jan-2026 12:51:01 Europe/Berlin] PHP Warning:  Undefined variable $emailSent in C:\xampp\htdocs\Horologe\paypal\save_order.php on line 196
[10-Jan-2026 14:01:08 Europe/Berlin] PayPal Order Data: {"intent":"CAPTURE","purchase_units":[{"amount":{"currency_code":"USD","value":"9500.00"},"custom_id":"PAY-1768050066-5100"}]}
[10-Jan-2026 14:01:10 Europe/Berlin] PayPal Response (HTTP 201): {"id":"4KX78700LX360374V","status":"CREATED","links":[{"href":"https://api.sandbox.paypal.com/v2/checkout/orders/4KX78700LX360374V","rel":"self","method":"GET"},{"href":"https://www.sandbox.paypal.com/checkoutnow?token=4KX78700LX360374V","rel":"approve","method":"GET"},{"href":"https://api.sandbox.paypal.com/v2/checkout/orders/4KX78700LX360374V","rel":"update","method":"PATCH"},{"href":"https://api.sandbox.paypal.com/v2/checkout/orders/4KX78700LX360374V/capture","rel":"capture","method":"POST"}]
[10-Jan-2026 14:02:13 Europe/Berlin] Email error: SMTP Error: Could not authenticate.
[10-Jan-2026 14:05:28 Europe/Berlin] PayPal Order Data: {"intent":"CAPTURE","purchase_units":[{"amount":{"currency_code":"USD","value":"123123.00"},"custom_id":"PAY-1768050327-5879"}]}
[10-Jan-2026 14:05:29 Europe/Berlin] PayPal Response (HTTP 201): {"id":"70450629MX048751H","status":"CREATED","links":[{"href":"https://api.sandbox.paypal.com/v2/checkout/orders/70450629MX048751H","rel":"self","method":"GET"},{"href":"https://www.sandbox.paypal.com/checkoutnow?token=70450629MX048751H","rel":"approve","method":"GET"},{"href":"https://api.sandbox.paypal.com/v2/checkout/orders/70450629MX048751H","rel":"update","method":"PATCH"},{"href":"https://api.sandbox.paypal.com/v2/checkout/orders/70450629MX048751H/capture","rel":"capture","method":"POST"}]
[10-Jan-2026 14:13:28 Europe/Berlin] PayPal Order Data: {"intent":"CAPTURE","purchase_units":[{"amount":{"currency_code":"USD","value":"123123.00"},"custom_id":"PAY-1768050806-5595"}]}
[10-Jan-2026 14:13:29 Europe/Berlin] PayPal Response (HTTP 201): {"id":"0NJ32132XC593133J","status":"CREATED","links":[{"href":"https://api.sandbox.paypal.com/v2/checkout/orders/0NJ32132XC593133J","rel":"self","method":"GET"},{"href":"https://www.sandbox.paypal.com/checkoutnow?token=0NJ32132XC593133J","rel":"approve","method":"GET"},{"href":"https://api.sandbox.paypal.com/v2/checkout/orders/0NJ32132XC593133J","rel":"update","method":"PATCH"},{"href":"https://api.sandbox.paypal.com/v2/checkout/orders/0NJ32132XC593133J/capture","rel":"capture","method":"POST"}]
[10-Jan-2026 14:14:14 Europe/Berlin] PayPal Order Data: {"intent":"CAPTURE","purchase_units":[{"amount":{"currency_code":"USD","value":"123123.00"},"custom_id":"PAY-1768050853-3273"}]}
[10-Jan-2026 14:14:15 Europe/Berlin] PayPal Response (HTTP 201): {"id":"2WS26930TN638181W","status":"CREATED","links":[{"href":"https://api.sandbox.paypal.com/v2/checkout/orders/2WS26930TN638181W","rel":"self","method":"GET"},{"href":"https://www.sandbox.paypal.com/checkoutnow?token=2WS26930TN638181W","rel":"approve","method":"GET"},{"href":"https://api.sandbox.paypal.com/v2/checkout/orders/2WS26930TN638181W","rel":"update","method":"PATCH"},{"href":"https://api.sandbox.paypal.com/v2/checkout/orders/2WS26930TN638181W/capture","rel":"capture","method":"POST"}]
[10-Jan-2026 14:14:25 Europe/Berlin] Email error: SMTP Error: Could not authenticate.
[10-Jan-2026 14:15:04 Europe/Berlin] PayPal Order Data: {"intent":"CAPTURE","purchase_units":[{"amount":{"currency_code":"USD","value":"133123.00"},"custom_id":"PAY-1768050903-4889"}]}
[10-Jan-2026 14:15:06 Europe/Berlin] PayPal Response (HTTP 201): {"id":"03J296906X004872U","status":"CREATED","links":[{"href":"https://api.sandbox.paypal.com/v2/checkout/orders/03J296906X004872U","rel":"self","method":"GET"},{"href":"https://www.sandbox.paypal.com/checkoutnow?token=03J296906X004872U","rel":"approve","method":"GET"},{"href":"https://api.sandbox.paypal.com/v2/checkout/orders/03J296906X004872U","rel":"update","method":"PATCH"},{"href":"https://api.sandbox.paypal.com/v2/checkout/orders/03J296906X004872U/capture","rel":"capture","method":"POST"}]
[10-Jan-2026 14:15:17 Europe/Berlin] Email error: SMTP Error: Could not authenticate.
[10-Jan-2026 14:20:05 Europe/Berlin] PayPal Order Data: {"intent":"CAPTURE","purchase_units":[{"amount":{"currency_code":"USD","value":"123123.00"},"custom_id":"PAY-1768051204-5309"}]}
[10-Jan-2026 14:20:07 Europe/Berlin] PayPal Response (HTTP 201): {"id":"9E574312BN497235G","status":"CREATED","links":[{"href":"https://api.sandbox.paypal.com/v2/checkout/orders/9E574312BN497235G","rel":"self","method":"GET"},{"href":"https://www.sandbox.paypal.com/checkoutnow?token=9E574312BN497235G","rel":"approve","method":"GET"},{"href":"https://api.sandbox.paypal.com/v2/checkout/orders/9E574312BN497235G","rel":"update","method":"PATCH"},{"href":"https://api.sandbox.paypal.com/v2/checkout/orders/9E574312BN497235G/capture","rel":"capture","method":"POST"}]
[10-Jan-2026 14:20:18 Europe/Berlin] Email error: SMTP Error: Could not authenticate.
[10-Jan-2026 17:31:27 Europe/Berlin] PayPal Order Data: {"intent":"CAPTURE","purchase_units":[{"amount":{"currency_code":"USD","value":"123123.00"},"custom_id":"PAY-1768062686-4221"}]}
[10-Jan-2026 17:31:29 Europe/Berlin] PayPal Response (HTTP 201): {"id":"5V643130GX590951V","status":"CREATED","links":[{"href":"https://api.sandbox.paypal.com/v2/checkout/orders/5V643130GX590951V","rel":"self","method":"GET"},{"href":"https://www.sandbox.paypal.com/checkoutnow?token=5V643130GX590951V","rel":"approve","method":"GET"},{"href":"https://api.sandbox.paypal.com/v2/checkout/orders/5V643130GX590951V","rel":"update","method":"PATCH"},{"href":"https://api.sandbox.paypal.com/v2/checkout/orders/5V643130GX590951V/capture","rel":"capture","method":"POST"}]
[10-Jan-2026 17:32:11 Europe/Berlin] PayPal Order Data: {"intent":"CAPTURE","purchase_units":[{"amount":{"currency_code":"USD","value":"123123.00"},"custom_id":"PAY-1768062730-7093"}]}
[10-Jan-2026 17:32:12 Europe/Berlin] PayPal Response (HTTP 201): {"id":"0R2605166F3486805","status":"CREATED","links":[{"href":"https://api.sandbox.paypal.com/v2/checkout/orders/0R2605166F3486805","rel":"self","method":"GET"},{"href":"https://www.sandbox.paypal.com/checkoutnow?token=0R2605166F3486805","rel":"approve","method":"GET"},{"href":"https://api.sandbox.paypal.com/v2/checkout/orders/0R2605166F3486805","rel":"update","method":"PATCH"},{"href":"https://api.sandbox.paypal.com/v2/checkout/orders/0R2605166F3486805/capture","rel":"capture","method":"POST"}]
[10-Jan-2026 17:36:19 Europe/Berlin] Email error: SMTP Error: Could not authenticate.
[10-Jan-2026 17:54:12 Europe/Berlin] PayPal Order Data: {"intent":"CAPTURE","purchase_units":[{"amount":{"currency_code":"USD","value":"10000.00"},"custom_id":"PAY-1768064050-4721"}]}
[10-Jan-2026 17:54:13 Europe/Berlin] PayPal Response (HTTP 201): {"id":"2T139502PC553500C","status":"CREATED","links":[{"href":"https://api.sandbox.paypal.com/v2/checkout/orders/2T139502PC553500C","rel":"self","method":"GET"},{"href":"https://www.sandbox.paypal.com/checkoutnow?token=2T139502PC553500C","rel":"approve","method":"GET"},{"href":"https://api.sandbox.paypal.com/v2/checkout/orders/2T139502PC553500C","rel":"update","method":"PATCH"},{"href":"https://api.sandbox.paypal.com/v2/checkout/orders/2T139502PC553500C/capture","rel":"capture","method":"POST"}]
[10-Jan-2026 17:55:05 Europe/Berlin] Email error: SMTP Error: Could not authenticate.
[10-Jan-2026 17:58:50 Europe/Berlin] PayPal Order Data: {"intent":"CAPTURE","purchase_units":[{"amount":{"currency_code":"USD","value":"133123.00"},"custom_id":"PAY-1768064329-6720"}]}
[10-Jan-2026 17:58:51 Europe/Berlin] PayPal Response (HTTP 201): {"id":"5W436988A4824642E","status":"CREATED","links":[{"href":"https://api.sandbox.paypal.com/v2/checkout/orders/5W436988A4824642E","rel":"self","method":"GET"},{"href":"https://www.sandbox.paypal.com/checkoutnow?token=5W436988A4824642E","rel":"approve","method":"GET"},{"href":"https://api.sandbox.paypal.com/v2/checkout/orders/5W436988A4824642E","rel":"update","method":"PATCH"},{"href":"https://api.sandbox.paypal.com/v2/checkout/orders/5W436988A4824642E/capture","rel":"capture","method":"POST"}]
[10-Jan-2026 17:59:49 Europe/Berlin] PayPal Order Data: {"intent":"CAPTURE","purchase_units":[{"amount":{"currency_code":"USD","value":"133123.00"},"custom_id":"PAY-1768064388-2419"}]}
[10-Jan-2026 17:59:50 Europe/Berlin] PayPal Response (HTTP 201): {"id":"4U495771P7228384U","status":"CREATED","links":[{"href":"https://api.sandbox.paypal.com/v2/checkout/orders/4U495771P7228384U","rel":"self","method":"GET"},{"href":"https://www.sandbox.paypal.com/checkoutnow?token=4U495771P7228384U","rel":"approve","method":"GET"},{"href":"https://api.sandbox.paypal.com/v2/checkout/orders/4U495771P7228384U","rel":"update","method":"PATCH"},{"href":"https://api.sandbox.paypal.com/v2/checkout/orders/4U495771P7228384U/capture","rel":"capture","method":"POST"}]
[10-Jan-2026 18:00:01 Europe/Berlin] Email error: SMTP Error: Could not authenticate.
